1 b 2 r 3 r 4 r 5 r 6 r 7 r 8 r 9 r 10 r 11 r 12 r 13 r 14 r 15 r 16 r 17 r 18 r 19 r 20 r 21 r 22 r 23 r 24 r 25 r 26 r 27 r 28 r 29 r 30 r 31 r 32 r 33 r 34 r 35 r 36 r 37 r 38 r 39 r 40 r 41 r 42 r 43 r 44 r 45 r 46 r 47 r 48 r 49 r 50 r 51 r 52 r 53 r 54 r 55 r 56 r 57 b 58 r 59 r 60 r 61 r 62 r 63 r 64 r 65 r 66 r 67 r 68 r 69 r 70 r 71 r 72 r 73 r 74 r 75 r 76 r 77 r 78 r 79 r 80 r 81 r 82 r 83 r 84 r 85 r 86 r 87 r 88 r 89 r 90 r 91 r 92 r 93 r 94 r 95 r 96 r 97 r 98 r 99 r 100 r 101 b 102 r 103 r 104 r 105 r 106 r 107 r 108 r 109 r 110 r 111 r 112 r 113 r 114 r 115 r 116 r 117 r 118 r 119 r 120 r 121 r 122 r 123 r 124 r 125 r 126 r 127 r 128 r 129 r 130 r 131 r 132 r 133 r 134 r 135 r 136 r 137 r 138 r 139 r 140 r 141 r 142 b 143 r 144 r 145 r 146 r 147 r 148 r 149 r 150 r 151 r 152 r 153 r 154 r 155 r 156 r 157 r 158 b 159 r 160 r 161 r 162 r 163 r 164 r 165 r 166 r 167 r 168 r 169 r 170 r 171 r 172 r 173 r 174 r 175 b 176 r 177 r 178 r 179 r 180 r 181 r 182 r 183 r 184 r 185 r 186 r 187 r 188 r 189 r 190 r 191 r 192 r 193 r 194 r 195 r 196 r 197 r 198 r 199 r 200 r 201 r 202 r 203 r 204 r 205 r 206 r 207 r 208 r 209 r 210 r 211 r 212 b 213 r 214 r 215 r 216 r 217 r 218 r 219 r 220 r 221 r 222 r 223 r 224 r 225 r 226 r 227 r 228 r 229 r 230 r 231 r 232 r 233 r 234 r 235 r 236 r 237 r 238 r 239 r 240 r 241 r 242 r 243 r 244 r 245 r 246 r 247 r 248 r 249 r 250 r 251 r 252 r 253 r 254 r 255 r 256 r 257 r 258 r 259 r 260 r 261 r 262 r 263 r 264 b 265 r 266 r 267 r 268 r 269 r 270 r 271 r 272 r 273 r 274 r 275 r 276 r 277 r 278 r 279 r 280 r 281 r 282 r 283 r 284 r 285 r 286 r 287 r 288 r 289 r 290 r 291 r 292 r 293 r 294 r 295 r 296 r 297 r 298 r 299 r 300 r 301 r 302 r 303 r 304 r 305 r 306 r 307 r 308 r 309 r 310 r 311 r 312 b 313 r 314 r 315 r 316 r 317 r 318 r 319 r 320 r 321 r 322 r 323 r 324 r 325 r 326 r 327 r 328 r 329 r 330 r 331 r 332 r 333 r 334 r 335 b 336 r 337 r 338 r 339 r 340 r 341 r 342 r 343 r 344 r 345 r 346 r 347 b 348 r 349 r 350 r 351 r 352 r 353 r 354 r 355 r 356 r 357 r 358 r 359 r 360 r 361 r 362 r 363 r 364 r 365 r 366 r 367 r 368 r 369 r 370 r 371 r 372 r 373 r 374 r 375 r 376 r 377 r 378 r 379 r 380 r 381 r 382 r 383 b 384 r 385 r 386 r 387 r 388 r 389 r 390 r 391 r 392 r 393 r 395 r 397 r 398 r 400 r 403 r 405 r 407 r 408 r 410 r 411 r 412 r 413 r 418 r 419 r 420 r 422 r 423 r 424 r 426 r 427 r 428 r 429 r 431 r 433 r 434 r 436 r 441 r 442 r 443 r 445 r 446 r 448 r 451 r 452 r 453 r 455 r 460 r 462 r 463 r 466 r 468 r 469 r 471 r 475 r 483 r 484 r 491 r 494 r 495 r 496 r 498 r 499 r 500 r 
