1 b 14 r 29 r 43 b 54 b 55 b 64 b 68 r 69 r 70 r 75 r 84 r 95 b 98 b 99 b 101 b 107 r 134 b 137 b 144 b 145 b 168 r 169 b 171 b 176 b 177 r 179 r 184 b 187 b 189 r 206 b 224 b 238 b 248 r 267 b 271 b 283 r 307 b 319 b 335 r 371 r 391 r 404 r 406 b 408 r 412 r 415 r 419 b 442 r 452 b 460 r 471 r 482 r 496 b 
