1 b 24 b 177 b 179 b 203 r 210 b 240 b 248 r 259 b 346 r 354 r 384 r 385 r 396 b 405 r 414 r 470 b 
