1 b 2 r 3 r 4 r 5 r 6 r 7 r 8 r 9 r 10 r 11 r 12 r 13 r 14 r 15 b 16 r 17 r 18 r 19 r 20 r 21 r 22 r 23 r 24 r 25 r 26 r 27 r 28 r 29 r 30 r 31 r 32 r 33 r 34 r 35 r 36 r 37 r 38 r 39 r 40 r 41 r 42 r 43 r 44 r 45 r 46 r 47 r 48 r 49 r 50 r 51 r 52 r 53 r 54 r 55 r 56 r 57 r 58 r 59 r 60 r 61 r 62 r 63 r 64 r 65 r 66 r 67 r 68 r 69 r 70 r 71 r 72 r 73 r 74 r 75 r 76 r 77 r 78 r 79 r 80 r 81 r 82 r 83 r 84 r 85 r 86 r 87 r 88 r 89 r 90 r 91 r 92 r 93 r 94 r 95 r 96 r 97 r 98 r 99 r 100 r 101 r 102 r 103 r 104 r 105 r 106 r 107 r 108 r 109 r 110 r 111 r 112 r 113 r 114 r 115 r 116 r 117 r 118 r 119 r 120 r 121 r 122 r 123 r 124 r 125 r 126 r 127 r 128 r 129 r 130 r 131 r 132 r 133 r 134 r 135 r 136 r 137 r 138 r 139 r 140 r 141 r 142 r 143 r 144 r 145 r 146 r 147 r 148 r 149 r 150 r 151 r 152 r 153 r 154 r 155 r 156 r 157 r 158 r 159 r 160 r 161 r 162 r 163 r 164 r 165 r 166 r 167 r 168 r 169 r 170 r 171 r 172 r 173 r 174 r 175 r 176 r 177 r 178 r 179 r 180 r 181 r 182 r 183 r 184 r 185 r 186 r 187 r 188 r 189 r 190 r 191 r 192 r 193 r 194 r 198 r 199 r 201 r 207 r 209 r 212 r 214 r 217 r 219 r 221 r 230 r 235 r 240 r 242 r 248 r 249 r 251 r 252 r 254 r 258 r 261 r 266 r 267 r 268 r 269 r 276 r 279 r 283 r 290 r 292 r 293 r 297 r 298 r 299 r 302 r 305 r 307 r 311 r 319 r 320 r 322 r 323 r 326 r 330 r 332 r 334 r 336 r 340 r 345 r 347 r 353 r 354 r 356 r 359 r 362 r 365 r 366 r 381 r 385 r 386 r 387 r 388 r 400 r 406 r 408 r 412 r 419 r 422 r 423 r 424 r 427 r 433 r 437 r 442 r 449 r 450 r 453 r 454 r 459 r 463 r 464 r 465 r 466 r 467 r 471 r 472 r 477 r 479 r 483 r 485 r 488 r 492 r 493 r 494 r 495 r 496 r 498 r 
